// Jest Snapshot v1, https://goo.gl/fbAQLP

exports[`Pruebas en el <GifGrid /> debe de mostrarse correctamente 1`] = `
<Fragment>
  <h3
    animate__animated={true}
    animate__backInRight={true}
  >
    One Punch
  </h3>
  <p
    className="loading animate__animated animate__backInLeft "
  >
    Loading...
  </p>
  <div
    className="card-grid animate__animated animate__backInRight"
  />
</Fragment>
`;
